[    0.000000] Initializing cgroup subsys cpuset
[    0.000000] Initializing cgroup subsys cpu
[    0.000000] Initializing cgroup subsys cpuacct
[    0.000000] Linux version 4.4.0-148-generic (buildd@lgw01-amd64-031) (gcc version 5.4.0 20160609 (Ubuntu 5.4.0-6ubuntu1~16.04.10) ) #174-Ubuntu SMP Tue May 7 12:20:14 UTC 2019 (Ubuntu 4.4.0-148.174-generic 4.4.177)
[    0.000000] Command line: BOOT_IMAGE=/boot/vmlinuz-4.4.0-148-generic root=LABEL=cloudimg-rootfs ro console=tty1 console=ttyS0
[    0.000000] KERNEL supported cpus:
[    0.000000]   Intel GenuineIntel
[    0.000000]   AMD AuthenticAMD
[    0.000000]   Centaur CentaurHauls
[    0.000000] x86/fpu: xstate_offset[2]:  576, xstate_sizes[2]:  256
[    0.000000] x86/fpu: Supporting XSAVE feature 0x01: 'x87 floating point registers'
[    0.000000] x86/fpu: Supporting XSAVE feature 0x02: 'SSE registers'
[    0.000000] x86/fpu: Supporting XSAVE feature 0x04: 'AVX registers'
[    0.000000] x86/fpu: Enabled xstate features 0x7, context size is 832 bytes, using 'standard' format.
[    0.000000] e820: BIOS-provided physical RAM map:
[    0.000000] BIOS-e820: [mem 0x0000000000000000-0x000000000009fbff] usable
[    0.000000] BIOS-e820: [mem 0x000000000009fc00-0x000000000009ffff] reserved
[    0.000000] BIOS-e820: [mem 0x00000000000f0000-0x00000000000fffff] reserved
[    0.000000] BIOS-e820: [mem 0x0000000000100000-0x000000007ffeffff] usable
[    0.000000] BIOS-e820: [mem 0x000000007fff0000-0x000000007fffffff] ACPI data
[    0.000000] BIOS-e820: [mem 0x00000000fec00000-0x00000000fec00fff] reserved
[    0.000000] BIOS-e820: [mem 0x00000000fee00000-0x00000000fee00fff] reserved
[    0.000000] BIOS-e820: [mem 0x00000000fffc0000-0x00000000ffffffff] reserved
[    0.000000] NX (Execute Disable) protection: active
[    0.000000] SMBIOS 2.5 present.
[    0.000000] Hypervisor detected: KVM
[    0.000000] e820: last_pfn = 0x7fff0 max_arch_pfn = 0x400000000
[    0.000000] MTRR: Disabled
[    0.000000] x86/PAT: MTRRs disabled, skipping PAT initialization too.
[    0.000000] CPU MTRRs all blank - virtualized system.
[    0.000000] x86/PAT: Configuration [0-7]: WB  WT  UC- UC  WB  WT  UC- UC  
[    0.000000] found SMP MP-table at [mem 0x0009fff0-0x0009ffff] mapped at [ffff88000009fff0]
[    0.000000] Scanning 1 areas for low memory corruption
[    0.000000] RAMDISK: [mem 0x362fa000-0x37174fff]
[    0.000000] ACPI: Early table checksum verification disabled
[    0.000000] ACPI: RSDP 0x00000000000E0000 000024 (v02 VBOX  )
[    0.000000] ACPI: XSDT 0x000000007FFF0030 00003C (v01 VBOX   VBOXXSDT 00000001 ASL  00000061)
[    0.000000] ACPI: FACP 0x000000007FFF00F0 0000F4 (v04 VBOX   VBOXFACP 00000001 ASL  00000061)
[    0.000000] ACPI: DSDT 0x000000007FFF0470 0022EA (v02 VBOX   VBOXBIOS 00000002 INTL 20100528)
[    0.000000] ACPI: FACS 0x000000007FFF0200 000040
[    0.000000] ACPI: FACS 0x000000007FFF0200 000040
[    0.000000] ACPI: APIC 0x000000007FFF0240 00005C (v02 VBOX   VBOXAPIC 00000001 ASL  00000061)
[    0.000000] ACPI: SSDT 0x000000007FFF02A0 0001CC (v01 VBOX   VBOXCPUT 00000002 INTL 20100528)
[    0.000000] No NUMA configuration found
[    0.000000] Faking a node at [mem 0x0000000000000000-0x000000007ffeffff]
[    0.000000] NODE_DATA(0) allocated [mem 0x7ffeb000-0x7ffeffff]
[    0.000000] kvm-clock: Using msrs 4b564d01 and 4b564d00
[    0.000000] kvm-clock: cpu 0, msr 0:7ffe3001, primary cpu clock
[    0.000000] kvm-clock: using sched offset of 3552564210 cycles
[    0.000000] clocksource: kvm-clock: mask: 0xffffffffffffffff max_cycles: 0x1cd42e4dffb, max_idle_ns: 881590591483 ns
[    0.000000] Zone ranges:
[    0.000000]   DMA      [mem 0x0000000000001000-0x0000000000ffffff]
[    0.000000]   DMA32    [mem 0x0000000001000000-0x000000007ffeffff]
[    0.000000]   Normal   empty
[    0.000000]   Device   empty
[    0.000000] Movable zone start for each node
[    0.000000] Early memory node ranges
[    0.000000]   node   0: [mem 0x0000000000001000-0x000000000009efff]
[    0.000000]   node   0: [mem 0x0000000000100000-0x000000007ffeffff]
[    0.000000] Initmem setup node 0 [mem 0x0000000000001000-0x000000007ffeffff]
[    0.000000] ACPI: PM-Timer IO Port: 0x4008
[    0.000000] IOAPIC[0]: apic_id 2, version 32, address 0xfec00000, GSI 0-23
[    0.000000] ACPI: INT_SRC_OVR (bus 0 bus_irq 0 global_irq 2 dfl dfl)
[    0.000000] ACPI: INT_SRC_OVR (bus 0 bus_irq 9 global_irq 9 low level)
[    0.000000] Using ACPI (MADT) for SMP configuration information
[    0.000000] smpboot: Allowing 2 CPUs, 0 hotplug CPUs
[    0.000000] PM: Registered nosave memory: [mem 0x00000000-0x00000fff]
[    0.000000] PM: Registered nosave memory: [mem 0x0009f000-0x0009ffff]
[    0.000000] PM: Registered nosave memory: [mem 0x000a0000-0x000effff]
[    0.000000] PM: Registered nosave memory: [mem 0x000f0000-0x000fffff]
[    0.000000] e820: [mem 0x80000000-0xfebfffff] available for PCI devices
[    0.000000] Booting paravirtualized kernel on KVM
[    0.000000] clocksource: refined-jiffies: mask: 0xffffffff max_cycles: 0xffffffff, max_idle_ns: 7645519600211568 ns
[    0.000000] setup_percpu: NR_CPUS:512 nr_cpumask_bits:512 nr_cpu_ids:2 nr_node_ids:1
[    0.000000] PERCPU: Embedded 34 pages/cpu @ffff88007fc00000 s99480 r8192 d31592 u1048576
[    0.000000] Built 1 zonelists in Node order, mobility grouping on.  Total pages: 515960
[    0.000000] Policy zone: DMA32
[    0.000000] Kernel command line: BOOT_IMAGE=/boot/vmlinuz-4.4.0-148-generic root=LABEL=cloudimg-rootfs ro console=tty1 console=ttyS0
[    0.000000] PID hash table entries: 4096 (order: 3, 32768 bytes)
[    0.000000] Memory: 2029924K/2096696K available (8609K kernel code, 1334K rwdata, 4028K rodata, 1484K init, 1284K bss, 66772K reserved, 0K cma-reserved)
[    0.000000] SLUB: HWalign=64, Order=0-3, MinObjects=0, CPUs=2, Nodes=1
[    0.000000] Kernel/User page tables isolation: enabled
[    0.000000] Hierarchical RCU implementation.
[    0.000000] 	Build-time adjustment of leaf fanout to 64.
[    0.000000] 	RCU restricting CPUs from NR_CPUS=512 to nr_cpu_ids=2.
[    0.000000] RCU: Adjusting geometry for rcu_fanout_leaf=64, nr_cpu_ids=2
[    0.000000] NR_IRQS:33024 nr_irqs:440 16
[    0.000000] Console: colour VGA+ 80x25
[    0.000000] console [tty1] enabled
[    0.000000] console [ttyS0] enabled
[    0.000000] tsc: Detected 2711.998 MHz processor
[    0.201615] Calibrating delay loop (skipped) preset value.. 5423.99 BogoMIPS (lpj=10847992)
[    0.203870] pid_max: default: 32768 minimum: 301
[    0.205146] ACPI: Core revision 20150930
[    0.207207] ACPI: 2 ACPI AML tables successfully acquired and loaded
[    0.209137] Security Framework initialized
[    0.210240] Yama: becoming mindful.
[    0.211416] AppArmor: AppArmor initialized
[    0.214173] Dentry cache hash table entries: 262144 (order: 9, 2097152 bytes)
[    0.216274] Inode-cache hash table entries: 131072 (order: 8, 1048576 bytes)
[    0.219791] Mount-cache hash table entries: 4096 (order: 3, 32768 bytes)
[    0.221529] Mountpoint-cache hash table entries: 4096 (order: 3, 32768 bytes)
[    0.223439] Initializing cgroup subsys io
[    0.224546] Initializing cgroup subsys memory
[    0.225720] Initializing cgroup subsys devices
[    0.226906] Initializing cgroup subsys freezer
[    0.228093] Initializing cgroup subsys net_cls
[    0.229323] Initializing cgroup subsys perf_event
[    0.230560] Initializing cgroup subsys net_prio
[    0.231944] Initializing cgroup subsys hugetlb
[    0.233119] Initializing cgroup subsys pids
[    0.235269] mce: CPU supports 0 MCE banks
[    0.236507] Last level iTLB entries: 4KB 64, 2MB 8, 4MB 8
[    0.237887] Last level dTLB entries: 4KB 64, 2MB 0, 4MB 0, 1GB 4
[    0.239505] Spectre V2 : Mitigation: Full generic retpoline
[    0.241032] Spectre V2 : Spectre v2 / SpectreRSB mitigation: Filling RSB on context switch
[    0.243244] Speculative Store Bypass: Vulnerable
[    0.244564] MDS: Vulnerable: Clear CPU buffers attempted, no microcode
[    0.249001] Freeing SMP alternatives memory: 36K
[    0.256051] ftrace: allocating 32293 entries in 127 pages
[    0.313715] smpboot: APIC(0) Converting physical 0 to logical package 0
[    0.315980] smpboot: Max logical packages: 1
[    0.317450] x2apic enabled
[    0.318473] Switched APIC routing to physical x2apic.
[    0.320802] ..TIMER: vector=0x30 apic1=0 pin1=2 apic2=-1 pin2=-1
[    0.428924] smpboot: CPU0: Intel(R) Core(TM) i7-6820HQ CPU @ 2.70GHz (family: 0x6, model: 0x5e, stepping: 0x3)
[    0.432311] Performance Events: unsupported p6 CPU model 94 no PMU driver, software events only.
[    0.444516] KVM setup paravirtual spinlock
[    0.447988] x86: Booting SMP configuration:
[    0.449509] .... node  #0, CPUs:      #1
[    0.450632] kvm-clock: cpu 1, msr 0:7ffe3041, secondary cpu clock
[    0.453017] mce: CPU supports 0 MCE banks
[    0.455787] x86: Booted up 1 node, 2 CPUs
[    0.457103] smpboot: Total of 2 processors activated (10847.99 BogoMIPS)
[    0.459125] devtmpfs: initialized
[    0.462009] evm: security.selinux
[    0.462916] evm: security.SMACK64
[    0.463927] evm: security.SMACK64EXEC
[    0.464925] evm: security.SMACK64TRANSMUTE
[    0.466703] evm: security.SMACK64MMAP
[    0.467700] evm: security.ima
[    0.468651] evm: security.capability
[    0.469873] clocksource: jiffies: mask: 0xffffffff max_cycles: 0xffffffff, max_idle_ns: 7645041785100000 ns
[    0.472330] futex hash table entries: 512 (order: 3, 32768 bytes)
[    0.474250] pinctrl core: initialized pinctrl subsystem
[    0.476089] RTC time: 11:23:03, date: 06/11/19
[    0.477500] NET: Registered protocol family 16
[    0.489768] cpuidle: using governor ladder
[    0.502215] cpuidle: using governor menu
[    0.504496] PCCT header not found.
[    0.506204] ACPI: bus type PCI registered
[    0.507560] acpiphp: ACPI Hot Plug PCI Controller Driver version: 0.5
[    0.509636] PCI: Using configuration type 1 for base access
[    0.523009] ACPI: Added _OSI(Module Device)
[    0.524849] ACPI: Added _OSI(Processor Device)
[    0.526613] ACPI: Added _OSI(3.0 _SCP Extensions)
[    0.528077] ACPI: Added _OSI(Processor Aggregator Device)
[    0.530757] ACPI: Executed 1 blocks of module-level executable AML code
[    0.535218] ACPI: Interpreter enabled
[    0.536645] ACPI: (supports S0 S5)
[    0.537793] ACPI: Using IOAPIC for interrupt routing
[    0.539352] PCI: Using host bridge windows from ACPI; if necessary, use "pci=nocrs" and report a bug
[    0.546525] ACPI: PCI Root Bridge [PCI0] (domain 0000 [bus 00-ff])
[    0.548620] acpi PNP0A03:00: _OSC: OS supports [ASPM ClockPM Segments MSI]
[    0.550922] acpi PNP0A03:00: _OSC: not requesting OS control; OS requires [ExtendedConfig ASPM ClockPM MSI]
[    0.553810] acpi PNP0A03:00: fail to add MMCONFIG information, can't access extended PCI configuration space under this bridge.
[    0.557028] PCI host bridge to bus 0000:00
[    0.558088] pci_bus 0000:00: root bus resource [io  0x0000-0x0cf7 window]
[    0.559688] pci_bus 0000:00: root bus resource [io  0x0d00-0xffff window]
[    0.561335] pci_bus 0000:00: root bus resource [mem 0x000a0000-0x000bffff window]
[    0.563267] pci_bus 0000:00: root bus resource [mem 0x80000000-0xfdffffff window]
[    0.565448] pci_bus 0000:00: root bus resource [bus 00-ff]
[    0.569987] pci 0000:00:01.1: legacy IDE quirk: reg 0x10: [io  0x01f0-0x01f7]
[    0.571814] pci 0000:00:01.1: legacy IDE quirk: reg 0x14: [io  0x03f6]
[    0.573401] pci 0000:00:01.1: legacy IDE quirk: reg 0x18: [io  0x0170-0x0177]
[    0.575073] pci 0000:00:01.1: legacy IDE quirk: reg 0x1c: [io  0x0376]
[    0.597467] pci 0000:00:07.0: quirk: [io  0x4000-0x403f] claimed by PIIX4 ACPI
[    0.610537] pci 0000:00:07.0: quirk: [io  0x4100-0x410f] claimed by PIIX4 SMB
[    0.629153] ACPI: PCI Interrupt Link [LNKA] (IRQs 5 9 10 *11)
[    0.631850] ACPI: PCI Interrupt Link [LNKB] (IRQs 5 9 *10 11)
[    0.634182] ACPI: PCI Interrupt Link [LNKC] (IRQs 5 *9 10 11)
[    0.636478] ACPI: PCI Interrupt Link [LNKD] (IRQs 5 9 10 *11)
[    0.638689] ACPI: Enabled 2 GPEs in block 00 to 07
[    0.640479] vgaarb: setting as boot device: PCI:0000:00:02.0
[    0.642044] vgaarb: device added: PCI:0000:00:02.0,decodes=io+mem,owns=io+mem,locks=none
[    0.644327] vgaarb: loaded
[    0.645248] vgaarb: bridge control possible 0000:00:02.0
[    0.647212] SCSI subsystem initialized
[    0.648675] ACPI: bus type USB registered
[    0.650000] usbcore: registered new interface driver usbfs
[    0.651428] usbcore: registered new interface driver hub
[    0.652987] usbcore: registered new device driver usb
[    0.654691] PCI: Using ACPI for IRQ routing
[    0.656210] NetLabel: Initializing
[    0.657187] NetLabel:  domain hash size = 128
[    0.658295] NetLabel:  protocols = UNLABELED CIPSOv4
[    0.659540] NetLabel:  unlabeled traffic allowed by default
[    0.661748] amd_nb: Cannot enumerate AMD northbridges
[    0.663269] clocksource: Switched to clocksource kvm-clock
[    0.672390] AppArmor: AppArmor Filesystem Enabled
[    0.674136] pnp: PnP ACPI init
[    0.676399] pnp: PnP ACPI: found 3 devices
[    0.688031] clocksource: acpi_pm: mask: 0xffffff max_cycles: 0xffffff, max_idle_ns: 2085701024 ns
[    0.690702] NET: Registered protocol family 2
[    0.692128] TCP established hash table entries: 16384 (order: 5, 131072 bytes)
[    0.694115] TCP bind hash table entries: 16384 (order: 6, 262144 bytes)
[    0.695869] TCP: Hash tables configured (established 16384 bind 16384)
[    0.697588] UDP hash table entries: 1024 (order: 3, 32768 bytes)
[    0.699304] UDP-Lite hash table entries: 1024 (order: 3, 32768 bytes)
[    0.701221] NET: Registered protocol family 1
[    0.702385] pci 0000:00:00.0: Limiting direct PCI/PCI transfers
[    0.703923] pci 0000:00:01.0: Activating ISA DMA hang workarounds
[    0.705619] Unpacking initramfs...
[    0.919292] Freeing initrd memory: 14828K
[    0.920884] clocksource: tsc: mask: 0xffffffffffffffff max_cycles: 0x27178451938, max_idle_ns: 440795251172 ns
[    0.923604] platform rtc_cmos: registered platform RTC device (no PNP device found)
[    0.926166] Scanning for low memory corruption every 60 seconds
[    0.928523] audit: initializing netlink subsys (disabled)
[    0.930355] audit: type=2000 audit(1560252188.053:1): initialized
[    0.932720] Initialise system trusted keyring
[    0.934185] HugeTLB registered 2 MB page size, pre-allocated 0 pages
[    0.937567] zbud: loaded
[    0.938919] VFS: Disk quotas dquot_6.6.0
[    0.940338] VFS: Dquot-cache hash table entries: 512 (order 0, 4096 bytes)
[    0.942683] squashfs: version 4.0 (2009/01/31) Phillip Lougher
[    0.944658] fuse init (API version 7.23)
[    0.946069] Key type big_key registered
[    0.947280] Allocating IMA MOK and blacklist keyrings.
[    0.950501] Key type asymmetric registered
[    0.951914] Asymmetric key parser 'x509' registered
[    0.953740] Block layer SCSI generic (bsg) driver version 0.4 loaded (major 249)
[    0.956501] io scheduler noop registered
[    0.957886] io scheduler deadline registered (default)
[    0.959665] io scheduler cfq registered
[    0.961178] pci_hotplug: PCI Hot Plug PCI Core version: 0.5
[    0.963109] pciehp: PCI Express Hot Plug Controller Driver version: 0.4
[    0.965523] ACPI: AC Adapter [AC] (on-line)
[    0.967143] input: Power Button as /devices/LNXSYSTM:00/LNXPWRBN:00/input/input0
[    0.969519] ACPI: Power Button [PWRF]
[    0.970828] input: Sleep Button as /devices/LNXSYSTM:00/LNXSLPBN:00/input/input1
[    0.973282] ACPI: Sleep Button [SLPF]
[    0.975434] GHES: HEST is not enabled!
[    0.976063] ACPI: Battery Slot [BAT0] (battery present)
[    0.978845] Serial: 8250/16550 driver, 32 ports, IRQ sharing enabled
 	
 !"#$%&'()*+,-./0123456789:;<=>?@ABCDEFGHIJKLMNOPQRSTUVWXYZ[\]^_`abcdefghijklmnopqrstuvwxyz{|}~ÄÅÇÉÑÖÜáàâäãåçéèêëíìîïñóòôöõúùûü†°¢£§•¶ß®©™´¨≠ÆØ∞±≤≥¥µ∂∑∏π∫ªºΩæø¿¡¬√ƒ≈∆«»… ÀÃÕŒœ–—“”‘’÷◊ÿŸ⁄€‹›ﬁﬂ‡·‚„‰ÂÊÁËÈÍÎÏÌÓÔÒÚÛÙıˆ˜¯˘˙˚¸˝˛ˇ[    1.006135] 00:02: ttyS0 at I/O 0x3f8 (irq = 4, base_baud = 115200) is a 16550A
[    1.013461] Linux agpgart interface v0.103
[    1.018956] loop: module loaded
[    1.020772] scsi host0: ata_piix
[    1.022323] scsi host1: ata_piix
[    1.023875] ata1: PATA max UDMA/33 cmd 0x1f0 ctl 0x3f6 bmdma 0xd000 irq 14
[    1.026113] ata2: PATA max UDMA/33 cmd 0x170 ctl 0x376 bmdma 0xd008 irq 15
[    1.028340] libphy: Fixed MDIO Bus: probed
[    1.029778] tun: Universal TUN/TAP device driver, 1.6
[    1.031372] tun: (C) 1999-2004 Max Krasnyansky <maxk@qualcomm.com>
[    1.033484] PPP generic driver version 2.4.2
[    1.035093] ehci_hcd: USB 2.0 'Enhanced' Host Controller (EHCI) Driver
[    1.037250] ehci-pci: EHCI PCI platform driver
[    1.038639] ehci-platform: EHCI generic platform driver
[    1.040179] ohci_hcd: USB 1.1 'Open' Host Controller (OHCI) Driver
[    1.042003] ohci-pci: OHCI PCI platform driver
[    1.043372] ohci-platform: OHCI generic platform driver
[    1.044887] uhci_hcd: USB Universal Host Controller Interface driver
[    1.046864] i8042: PNP: PS/2 Controller [PNP0303:PS2K,PNP0f03:PS2M] at 0x60,0x64 irq 1,12
[    1.049794] serio: i8042 KBD port at 0x60,0x64 irq 1
[    1.051168] serio: i8042 AUX port at 0x60,0x64 irq 12
[    1.052815] mousedev: PS/2 mouse device common for all mice
[    1.054598] input: AT Translated Set 2 keyboard as /devices/platform/i8042/serio0/input/input2
[    1.057759] rtc_cmos rtc_cmos: rtc core: registered rtc_cmos as rtc0
[    1.059551] rtc_cmos rtc_cmos: alarms up to one day, 114 bytes nvram
[    1.061252] i2c /dev entries driver
[    1.062280] device-mapper: uevent: version 1.0.3
[    1.063597] device-mapper: ioctl: 4.34.0-ioctl (2015-10-28) initialised: dm-devel@redhat.com
[    1.066304] ledtrig-cpu: registered to indicate activity on CPUs
[    1.068233] NET: Registered protocol family 10
[    1.071197] NET: Registered protocol family 17
[    1.072847] Key type dns_resolver registered
[    1.074998] registered taskstats version 1
[    1.076550] Loading compiled-in X.509 certificates
[    1.078408] Loaded X.509 cert 'Build time autogenerated kernel key: 5103689f9da3e841c6100f8bb032b132cf76e38d'
[    1.081491] zswap: loaded using pool lzo/zbud
[    1.084455] Key type trusted registered
[    1.089298] Key type encrypted registered
[    1.090674] AppArmor: AppArmor sha1 policy hashing enabled
[    1.092131] ima: No TPM chip found, activating TPM-bypass!
[    1.093530] ima: Allocated hash algorithm: sha1
[    1.094741] evm: HMAC attrs: 0x1
[    1.096137]   Magic number: 7:813:377
[    1.097423] acpi PNP0700:00: hash matches
[    1.098719] rtc_cmos rtc_cmos: setting system clock to 2019-06-11 11:23:03 UTC (1560252183)
[    1.101063] BIOS EDD facility v0.16 2004-Jun-25, 0 devices found
[    1.102558] EDD information not available.
[    1.185387] Freeing unused kernel memory: 1484K
[    1.187531] Write protecting the kernel read-only data: 14336k
[    1.190353] Freeing unused kernel memory: 1620K
[    1.192343] Freeing unused kernel memory: 68K
Loading, please wait...
starting version 229
[    1.209408] random: systemd-udevd: uninitialized urandom read (16 bytes read, 3 bits of entropy available)
[    1.210032] random: udevadm: uninitialized urandom read (16 bytes read, 3 bits of entropy available)
[    1.210052] random: udevadm: uninitialized urandom read (16 bytes read, 3 bits of entropy available)
[    1.218025] random: udevadm: uninitialized urandom read (16 bytes read, 3 bits of entropy available)
[    1.218069] random: udevadm: uninitialized urandom read (16 bytes read, 3 bits of entropy available)
[    1.218202] random: udevadm: uninitialized urandom read (16 bytes read, 3 bits of entropy available)
[    1.218251] random: udevadm: uninitialized urandom read (16 bytes read, 3 bits of entropy available)
[    1.218298] random: udevadm: uninitialized urandom read (16 bytes read, 3 bits of entropy available)
[    1.218345] random: udevadm: uninitialized urandom read (16 bytes read, 3 bits of entropy available)
[    1.218392] random: udevadm: uninitialized urandom read (16 bytes read, 3 bits of entropy available)
[    1.264235] e1000: Intel(R) PRO/1000 Network Driver - version 7.3.21-k8-NAPI
[    1.266505] e1000: Copyright (c) 1999-2006 Intel Corporation.
[    1.268111] Fusion MPT base driver 3.04.20
[    1.269308] Copyright (c) 1999-2008 LSI Corporation
[    1.274969] Fusion MPT SPI Host driver 3.04.20
[    1.298833] AVX2 version of gcm_enc/dec engaged.
[    1.300600] AES CTR mode by8 optimization enabled
[    1.476605] input: ImExPS/2 Generic Explorer Mouse as /devices/platform/i8042/serio1/input/input4
[    1.675857] e1000 0000:00:03.0 eth0: (PCI:33MHz:32-bit) 02:4c:fa:56:e0:e2
[    1.678306] e1000 0000:00:03.0 eth0: Intel(R) PRO/1000 Network Connection
[    1.681392] mptbase: ioc0: Initiating bringup
[    1.743576] ioc0: LSI53C1030 A0: Capabilities={Initiator}
[    1.907535] scsi host2: ioc0: LSI53C1030 A0, FwRev=00000000h, Ports=1, MaxQ=256, IRQ=20
[    2.024283] scsi 2:0:0:0: Direct-Access     VBOX     HARDDISK         1.0  PQ: 0 ANSI: 5
[    2.028255] scsi target2:0:0: Beginning Domain Validation
[    2.031698] scsi target2:0:0: Domain Validation skipping write tests
[    2.033909] scsi target2:0:0: Ending Domain Validation
[    2.035801] scsi target2:0:0: asynchronous
[    2.037889] scsi 2:0:1:0: Direct-Access     VBOX     HARDDISK         1.0  PQ: 0 ANSI: 5
[    2.040881] scsi target2:0:1: Beginning Domain Validation
[    2.045104] scsi target2:0:1: Domain Validation skipping write tests
[    2.047252] scsi target2:0:1: Ending Domain Validation
[    2.049161] scsi target2:0:1: asynchronous
[    2.064398] sd 2:0:0:0: Attached scsi generic sg0 type 0
[    2.081304] sd 2:0:0:0: [sda] 20971520 512-byte logical blocks: (10.7 GB/10.0 GiB)
[    2.084998] sd 2:0:0:0: [sda] Write Protect is off
[    2.087910] sd 2:0:0:0: [sda] Incomplete mode parameter data
[    2.090378] sd 2:0:0:0: [sda] Assuming drive cache: write through
[    2.093500] sd 2:0:1:0: Attached scsi generic sg1 type 0
[    2.096478] sd 2:0:1:0: [sdb] 20480 512-byte logical blocks: (10.5 MB/10.0 MiB)
[    2.100239] sd 2:0:1:0: [sdb] Write Protect is off
[    2.102453] sd 2:0:1:0: [sdb] Incomplete mode parameter data
[    2.104833] sd 2:0:1:0: [sdb] Assuming drive cache: write through
[    2.107735]  sda: sda1
[    2.110007] sd 2:0:0:0: [sda] Attached SCSI disk
[    2.113532] sd 2:0:1:0: [sdb] Attached SCSI disk
[    2.445963] e1000 0000:00:08.0 eth1: (PCI:33MHz:32-bit) 08:00:27:ab:a5:53
[    2.448379] e1000 0000:00:08.0 eth1: Intel(R) PRO/1000 Network Connection
[    2.451755] e1000 0000:00:03.0 enp0s3: renamed from eth0
[    2.464382] e1000 0000:00:08.0 enp0s8: renamed from eth1
Begin: Loading essential drivers ... [    3.770886] md: linear personality registered for level -1
[    3.775160] md: multipath personality registered for level -4
[    3.778886] md: raid0 personality registered for level 0
[    3.784312] md: raid1 personality registered for level 1
[    3.855540] raid6: sse2x1   gen() 10476 MB/s
[    3.926108] raid6: sse2x1   xor()  8740 MB/s
[    3.998007] raid6: sse2x2   gen() 14294 MB/s
[    4.067374] raid6: sse2x2   xor()  9406 MB/s
[    4.136303] raid6: sse2x4   gen() 15677 MB/s
[    4.203372] raid6: sse2x4   xor() 10574 MB/s
[    4.271378] raid6: avx2x1   gen() 22133 MB/s
[    4.339335] raid6: avx2x2   gen() 22038 MB/s
[    4.407860] raid6: avx2x4   gen() 27017 MB/s
[    4.409472] raid6: using algorithm avx2x4 gen() 27017 MB/s
[    4.410997] raid6: using avx2x2 recovery algorithm
[    4.413810] xor: automatically using best checksumming function:
[    4.455509]    avx       : 24903.000 MB/sec
[    4.458085] async_tx: api initialized (async)
[    4.470702] md: raid6 personality registered for level 6
[    4.472541] md: raid5 personality registered for level 5
[    4.473950] md: raid4 personality registered for level 4
[    4.481051] md: raid10 personality registered for level 10
done.
Begin: Running /scripts/init-premount ... done.
Begin: Mounting root file system ... Begin: Running /scripts/local-top ... done.
Begin: Running /scripts/local-premount ... [    4.509168] Btrfs loaded
Scanning for Btrfs filesystems
done.
Warning: fsck not present, so skipping root file system
[    4.529696] EXT4-fs (sda1): mounted filesystem with ordered data mode. Opts: (null)
done.
Begin: Running /scripts/local-bottom ... done.
Begin: Running /scripts/init-bottom ... done.
[    4.589394] systemd[1]: systemd 229 running in system mode. (+PAM +AUDIT +SELINUX +IMA +APPARMOR +SMACK +SYSVINIT +UTMP +LIBCRYPTSETUP +GCRYPT +GNUTLS +ACL +XZ -LZ4 +SECCOMP +BLKID +ELFUTILS +KMOD -IDN)
[    4.594466] systemd[1]: Detected virtualization oracle.
[    4.595840] systemd[1]: Detected architecture x86-64.

Welcome to [1mUbuntu 16.04.6 LTS[0m!

[    4.599877] systemd[1]: Set hostname to <ubuntu>.
[    4.602436] systemd[1]: Initializing machine ID from random generator.
[    4.604390] systemd[1]: Installed transient /etc/machine-id file.
[    4.691260] systemd[1]: Reached target System Time Synchronized.
[[0;32m  OK  [0m] Reached target System Time Synchronized.
[    4.700523] systemd[1]: Listening on /dev/initctl Compatibility Named Pipe.
[[0;32m  OK  [0m] Listening on /dev/initctl Compatibility Named Pipe.
[    4.712836] systemd[1]: Listening on LVM2 poll daemon socket.
[[0;32m  OK  [0m] Listening on LVM2 poll daemon socket.
[    4.717679] systemd[1]: Listening on LVM2 metadata daemon socket.
[[0;32m  OK  [0m] Listening on LVM2 metadata daemon socket.
[    4.721309] systemd[1]: Reached target Swap.
[[0;32m  OK  [0m] Reached target Swap.
[    4.723883] systemd[1]: Listening on udev Kernel Socket.
[[0;32m  OK  [0m] Listening on udev Kernel Socket.
[    4.726948] systemd[1]: Started Trigger resolvconf update for networkd DNS.
[[0;32m  OK  [0m] Started Trigger resolvconf update for networkd DNS.
[    4.730075] systemd[1]: Started Forward Password Requests to Wall Directory Watch.
[[0;32m  OK  [0m] Started Forward Password Requests to Wall Directory Watch.
[    4.734420] systemd[1]: Listening on Journal Audit Socket.
[[0;32m  OK  [0m] Listening on Journal Audit Socket.
[    4.737426] systemd[1]: Created slice User and Session Slice.
[[0;32m  OK  [0m] Created slice User and Session Slice.
[    4.740262] systemd[1]: Reached target User and Group Name Lookups.
[[0;32m  OK  [0m] Reached target User and Group Name Lookups.
[    4.743286] systemd[1]: Listening on Journal Socket (/dev/log).
[[0;32m  OK  [0m] Listening on Journal Socket (/dev/log).
[    4.906059] systemd[1]: Set up automount Arbitrary Executable File Formats File System Automount Point.
[[0;32m  OK  [0m] Set up automount Arbitrary Executab...ats File System Automount Point.
[    4.912054] systemd[1]: Listening on Device-mapper event daemon FIFOs.
[[0;32m  OK  [0m] Listening on Device-mapper event daemon FIFOs.
[    4.915970] systemd[1]: Listening on Syslog Socket.
[[0;32m  OK  [0m] Listening on Syslog Socket.
[    4.918359] systemd[1]: Listening on Journal Socket.
[[0;32m  OK  [0m] Listening on Journal Socket.
[    4.922034] systemd[1]: Created slice System Slice.
[[0;32m  OK  [0m] Created slice System Slice.
[    4.935761] systemd[1]: Mounting Huge Pages File System...
         Mounting Huge Pages File System...
[    4.944996] systemd[1]: Mounting Debug File System...
         Mounting Debug File System...
[    4.956860] systemd[1]: Starting Create list of required static device nodes for the current kernel...
         Starting Create list of required st... nodes for the current kernel...
[    4.968748] systemd[1]: Starting Monitoring of LVM2 mirrors, snapshots etc. using dmeventd or progress polling...
         Starting Monitoring of LVM2 mirrors... dmeventd or progress polling...
[    4.974325] systemd[1]: Created slice system-serial\x2dgetty.slice.
[[0;32m  OK  [0m] Created slice system-serial\x2dgetty.slice.
[    4.979121] systemd[1]: Starting Uncomplicated firewall...
         Starting Uncomplicated firewall...
[    4.983043] systemd[1]: Reached target Slices.
[[0;32m  OK  [0m] Reached target Slices.
[    4.988127] systemd[1]: Starting Remount Root and Kernel File Systems...
         Starting Remount Root and Kernel File Systems...
[    4.993119] EXT4-fs (sda1): re-mounted. Opts: (null)
[    5.000679] systemd[1]: Mounting POSIX Message Queue File System...
         Mounting POSIX Message Queue File System...
[    5.014413] systemd[1]: Starting Load Kernel Modules...
         Starting Load Kernel Modules...
[    5.023944] systemd[1]: Reached target Encrypted Volumes.
[    5.026122] Loading iSCSI transport class v2.0-870.
[[0;32m  OK  [0m] Reached target Encrypted Volumes.
[    5.032994] iscsi: registered transport (tcp)
[    5.051500] systemd[1]: Starting Set console keymap...
         Starting Set console keymap...
[    5.060075] systemd[1]: Starting Nameserver information manager...
         Starting Nameserver information manager...
[    5.063454] systemd[1]: Listening on udev Control Socket.
[    5.065357] iscsi: registered transport (iser)
[[0;32m  OK  [0m] Listening on udev Control Socket.
[    5.068024] systemd[1]: Starting Journal Service...
         Starting Journal Service...
[    5.073286] systemd[1]: Mounted POSIX Message Queue File System.
[[0;32m  OK  [0m] Mounted POSIX Message Queue File System.
[    5.083492] systemd[1]: Mounted Huge Pages File System.
[[0;32m  OK  [0m] Mounted Huge Pages File System.
[    5.091889] systemd[1]: Mounted Debug File System.
[[0;32m  OK  [0m] Mounted Debug File System.
[    5.094268] systemd[1]: Started Journal Service.
[[0;32m  OK  [0m] Started Journal Service.
[[0;32m  OK  [0m] Started Create list of required sta...ce nodes for the current kernel.
[[0;32m  OK  [0m] Started Uncomplicated firewall.
[[0;32m  OK  [0m] Started Remount Root and Kernel File Systems.
[[0;32m  OK  [0m] Started Load Kernel Modules.
[[0;32m  OK  [0m] Started Set console keymap.
[[0;32m  OK  [0m] Started Nameserver information manager.
[[0;32m  OK  [0m] Started LVM2 metadata daemon.
         Mounting FUSE Control File System...
         Starting Apply Kernel Variables...
         Starting Load/Save Random Seed...
         Starting udev Coldplug all Devices...
         Starting Create Static Device Nodes in /dev...
         Starting Flush Journal to Persistent Storage...
[[0;32m  OK  [0m] Mounted FUSE Control File System.
[[0;32m  OK  [0m] Started Apply Kernel Variables.
[[0;32m  OK  [0m] Started Load/Save Random Seed.
[[0;32m  OK  [0m] Started Create Static Device Nodes in /dev.
[[0;32m  OK  [0m] Started Flush Journal to Persistent Storage.
[[0;32m  OK  [0m] Started udev Coldplug all Devices.
         Starting udev Kernel Device Manager...
[[0;32m  OK  [0m] Started udev Kernel Device Manager.
[[0;32m  OK  [0m] Started Dispatch Password Requests to Console Directory Watch.
[[0;32m  OK  [0m] Started Monitoring of LVM2 mirrors,...ng dmeventd or progress polling.
[[0;32m  OK  [0m] Reached target Local File Systems (Pre).
[[0;32m  OK  [0m] Reached target Local File Systems.
         Starting Create Volatile Files and Directories...
         Starting Tell Plymouth To Write Out Runtime Data...
         Starting Commit a transient machine-id on disk...
         Starting Initial cloud-init job (pre-networking)...
         Starting Set console font and keymap...
         Starting LSB: AppArmor initialization...
[[0;32m  OK  [0m] Started Create Volatile Files and Directories.
[[0;32m  OK  [0m] Started Tell Plymouth To Write Out Runtime Data.
[[0;32m  OK  [0m] Started Commit a transient machine-id on disk.
         Starting Update UTMP about System Boot/Shutdown...
[[0;32m  OK  [0m] Started Update UTMP about System Boot/Shutdown.
[[0;32m  OK  [0m] Found device /dev/ttyS0.
[[0;32m  OK  [0m] Listening on Load/Save RF Kill Switch Status /dev/rfkill Watch.
[[0;32m  OK  [0m] Started LSB: AppArmor initialization.
[    6.161892] cloud-init[484]: Cloud-init v. 19.1-1-gbaa47854-0ubuntu1~16.04.1 running 'init-local' at Tue, 11 Jun 2019 11:23:08 +0000. Up 5.90 seconds.
[[0;32m  OK  [0m] Started Initial cloud-init job (pre-networking).
[[0;32m  OK  [0m] Started Set console font and keymap.
[[0;32m  OK  [0m] Created slice system-getty.slice.
[[0;32m  OK  [0m] Reached target Network (Pre).
         Starting Raise network interfaces...
[[0;32m  OK  [0m] Started Raise network interfaces.
[[0;32m  OK  [0m] Reached target Network.
         Starting Initial cloud-init job (metadata service crawler)...
[    7.308657] cloud-init[955]: Cloud-init v. 19.1-1-gbaa47854-0ubuntu1~16.04.1 running 'init' at Tue, 11 Jun 2019 11:23:09 +0000. Up 6.83 seconds.
[    7.313257] cloud-init[955]: ci-info: ++++++++++++++++++++++++++++++++++++++Net device info+++++++++++++++++++++++++++++++++++++++
[    7.317261] cloud-init[955]: ci-info: +--------+-------+----------------------------+---------------+--------+-------------------+
[    7.320956] cloud-init[955]: ci-info: | Device |   Up  |          Address           |      Mask     | Scope  |     Hw-Address    |
[    7.332450] cloud-init[955]: ci-info: +--------+-------+----------------------------+---------------+--------+-------------------+
[    7.336148] cloud-init[955]: ci-info: | enp0s3 |  True |         10.0.2.15          | 255.255.255.0 | global | 02:4c:fa:56:e0:e2 |
[    7.340231] cloud-init[955]: ci-info: | enp0s3 |  True | fe80::4c:faff:fe56:e0e2/64 |       .       |  link  | 02:4c:fa:56:e0:e2 |
[    7.343886] cloud-init[955]: ci-info: | enp0s8 | False |             .              |       .       |   .    | 08:00:27:ab:a5:53 |
[    7.352441] cloud-init[955]: ci-info: |   lo   |  True |         127.0.0.1          |   255.0.0.0   |  host  |         .         |
[    7.364613] cloud-init[955]: ci-info: |   lo   |  True |          ::1/128           |       .       |  host  |         .         |
[    7.368008] cloud-init[955]: ci-info: +--------+-------+----------------------------+---------------+--------+-------------------+
[    7.369814] cloud-init[955]: ci-info: +++++++++++++++++++++++++++Route IPv4 info++++++++++++++++++++++++++++
[    7.371464] cloud-init[955]: ci-info: +-------+-------------+----------+---------------+-----------+-------+
[    7.374078] cloud-init[955]: ci-info: | Route | Destination | Gateway  |    Genmask    | Interface | Flags |
[    7.375811] cloud-init[955]: ci-info: +-------+-------------+----------+---------------+-----------+-------+
[    7.378469] cloud-init[955]: ci-info: |   0   |   0.0.0.0   | 10.0.2.2 |    0.0.0.0    |   enp0s3  |   UG  |
[    7.381995] cloud-init[955]: ci-info: |   1   |   10.0.2.0  | 0.0.0.0  | 255.255.255.0 |   enp0s3  |   U   |
[    7.383792] cloud-init[955]: ci-info: +-------+-------------+----------+---------------+-----------+-------+
[    7.385134] cloud-init[955]: ci-info: +++++++++++++++++++Route IPv6 info+++++++++++++++++++
[    7.386404] cloud-init[955]: ci-info: +-------+-------------+---------+-----------+-------+
[    7.387513] cloud-init[955]: ci-info: | Route | Destination | Gateway | Interface | Flags |
[    7.388993] cloud-init[955]: ci-info: +-------+-------------+---------+-----------+-------+
[    7.391235] cloud-init[955]: ci-info: |   0   |  fe80::/64  |    ::   |   enp0s3  |   U   |
[    7.396611] cloud-init[955]: ci-info: |   3   |   ff00::/8  |    ::   |   enp0s3  |   U   |
[[0;32m  OK  [0m] Started Initial cloud-init job (metadata service crawler).
[[0;32m  OK  [0m] Reached target System Initialization.
[[0;32m  OK  [0m] Started Daily Cleanup of Temporary Directories.
[    7.405058] cloud-init[955]: ci-info: +-------+-------------+---------+-----------+-------+
[    7.424983] cloud-init[955]: Generating public/private rsa key pair.
[    7.440769] cloud-init[955]: Your identification has been saved in /etc/ssh/ssh_host_rsa_key.
[[0;32m  OK  [0m[    7.556368] cloud-init[955]: Your public key has been saved in /etc/ssh/ssh_host_rsa_key.pub.
[    7.556682] cloud-init[955]: The key fingerprint is:
[    7.556999] cloud-init[955]: SHA256:kjlvMn9nZnRzy5l1J9991QVTtcIlBqqpxua2DP2oEQc root@ubuntu-xenial
[    7.557576] cloud-init[955]: The key's randomart image is:
] Started ACPI Events Check.
[[0;32m  OK  [0m] Reached target Paths.
[[0;32m  OK  [0m] Listening on D-Bus System Message Bus Socket.
[[0;32m  OK  [0m] Listening on UUID daemon activation socket.
[[0;32m  OK  [0m] Listening on ACPID Listen Socket.
[    7.567657] cloud-init[955]: +---[RSA 2048]----+
[    7.574027] cloud-init[955]: |           ..o o+|
         Starting LXD - unix socket.
[[0;32m  OK  [0m] Started Daily apt download activities.
[[0;32m  OK  [0m] Started Daily apt upgrade and clean activities.
[[0;32m  OK  [0m] Reached target Timers.
[    7.576337] cloud-init[955]: |          . o = .|
[    7.604767] cloud-init[955]: |   E     .   o + |
[    7.612933] cloud-init[955]: |    .  oo     . .|
[    7.621395] cloud-init[955]: |   . .=oS       o|
         Starting Socket activation for snappy daemon.
[[0;32m  OK  [0m] Reached target Network is Online.
[    7.793700] cloud-init[955]: |    = .+    . + B|
[    7.809347] cloud-init[955]: |   o *o o  . ..=@|
[    7.816529]          Starting iSCSI initiator daemon (iscsid)...
[[0;32m  OK  [0m] Reached target Cloud-config availability.
[[0;32m  OK  [0mcloud-init] [955]: Listening on LXD - unix socket.|    B.o=  . =  ==|

[    7.819096] [[0;32m  OK  [0m] Listening on Socket activation for snappy daemon.
cloud-init[955]: |   .o=.... =    .|
[    7.825675] [[0;32m  OK  [0m] Started iSCSI initiator daemon (iscsid).
cloud-init[955]:          Starting Login to default iSCSI targets...
[[0;32m  OK  [0m] Reached target Sockets.
[[0;32m  OK  [0m] Reached target Basic System.
         Starting System Logging Service...
+----[SHA256]-----+[[0;32m  OK  [0m] Started ACPI event daemon.
         Starting Virtualbox guest utils...
[[0;32m  OK  [0m] Started Deferred execution scheduler.
         Starting LSB: Record successful boot for GRUB...

[    7.836286] cloud-init[955]: Generating public/private dsa key pair.         Starting Accounts Service...
         Starting Login Service...
         Starting /etc/rc.local Compatibility...
         Starting Pollinate to seed the pseudo random number generator...
[[0;32m  OK  [0m] Started Regular background program processing daemon.
         Starting LXD - container startup/shutdown...
[[0;32m  OK  [0m] Started FUSE filesystem for LXC.
         Starting LSB: MD monitoring daemon...
[[0;32m  OK  [0m] Started D-Bus System Message Bus.

[    7.882029] cloud-init[955]: Your identification has been saved in /etc/ssh/ssh_host_dsa_key.
[    7.889458] cloud-init[955]: Your public key has been saved in /etc/ssh/ssh_host_dsa_key.pub.
[    7.890716] cloud-init[955]: The key fingerprint is:
[    7.892043] cloud-init[955]: SHA256:SGqEF3xXNmx728FLgaU5pNPZZGsMUuRcSL7tG+VVIYM root@ubuntu-xenial
[    7.895196] cloud-init[955]: The key's randomart image is:
[    7.901480] cloud-init[955]: +---[DSA 1024]----+
[    7.904103] cloud-init[955]: |   ..    o=+B*=. |
[    7.910147] cloud-init[955]: |   .... ..oEo@+..|
[    7.913790] cloud-init[955]: |  . o... .o.X.=..|
         Starting Snappy daemon...
[    7.920678] cloud-init[955]: |   o o .  ...=+ .|
[    7.922049] cloud-init[955]: |    o . S  ..+.oo|
[    7.923508] cloud-init[[0;32m  OK  [0m] Started System Logging Service.
[[0;32m  OK  [0m] Started /etc/rc.local Compatibility.
[955]: |   .        ..oo.|
[    7.927657] cloud-init[955]: |              o .|
[    7.932278] cloud-init[955]: |               o |
[    7.943332] cloud-init[955]: |              .  |
[    7.947798] cloud-init[955]: +----[SHA256]-----+
[    7.950789] cloud-init[955]: Generating public/private ecdsa key pair.
[    7.953622] cloud-init[955]: Your identification has been saved in /etc/ssh/ssh_host_ecdsa_key.
[    7.955673] cloud-init[955]: Your public key has been saved in /etc/ssh/ssh_host_ecdsa_key.pub.
[    7.961442] cloud-init[955]: The key fingerprint is:
[    7.962853] cloud-init[955]: SHA256:jZAr/lhWou3Idu/WIg3QMIUcmY1v5BI9rs9gHp1LoKk root@ubuntu-xenial
[    7.969823] cloud-init[955]: The key's randomart image is:
[    7.970808] cloud-init[955]: +---[ECDSA 256]---+
[    7.971797] cloud-init[955]: |   ..X.          |
[    7.973278] cloud-init[955]: |    X =.         |
[    7.981100] cloud-init[955]: |     Xo.         |
[[0;32m  OK  [0m] Started Login to default iSCSI targets.
[[0;32m  OK  [0m] Started LXD - container startup/shutdown.
[    7.984061] cloud-init[955]: |    + *o o       |
[    7.998587] cloud-init[955]: |   o.Bo.S .      |
[    8.000911] cloud-init[955]: |  o.=+=o         |
[    8.006450] cloud-init[955]: | . oo*++ .       |
[    8.012192] cloud-init[955]: |E  .oB* + .      |
[[0;32m  OK  [0m] Started LSB: MD monitoring daemon.
[[0;32m  OK  [0m] Started Login Service.
[    8.028238] cloud-init[955]: |   .+.o=o.       |
[    8.036432] cloud-init[955]: +----[SHA256]-----+
[    8.037300] cloud-init[955]: Generating public/private ed25519 key pair.
[    8.038199] cloud-init[955]: Your identification has been saved in /etc/ssh/ssh_host_ed25519_key.
[    8.045812] cloud-init[955]: Your public key has been saved in /etc/ssh/ssh_host_ed25519_key.pub.
[    8.047290] cloud-init[955]: The key fingerprint is:
[[0;32m  OK  [0m] Started Unattended Upgrades Shutdown.
         Starting Authenticate and Authorize Users to Run Privileged Tasks...
[[0;32m  OK  [0m] Reached target Remote File Systems (Pre).
[[0;32m  OK  [0m] Reached target Remote File Systems.
         Starting LSB: daemon to balance interrupts for SMP systems...
         Starting LSB: Set the CPU Frequency Scaling governor to "ondemand"...
         Starting Permit User Sessions...
         Starting LSB: automatic crash report generation...
[[0;32m  OK  [0m] Started LSB: Record successful boot for GRUB.
[[0;32m  OK  [0m] Started Permit User Sessions.
[    8.066819] cloud-init[955]: SHA256:2DJpgZTSVRqjpY3NYK6woGbiKyp9eHaswHgLHRIg3y0 root@ubuntu-xenial
[    8.110162] cloud-init[955]: The key's randomart image is:
[[0;32m  OK  [0m] Started Authenticate and Authorize Users to Run Privileged Tasks.
[    8.115009] cloud-init[955]: +--[ED25519 256]--+
[    8.118128] [[0;32m  OK  [0m] Started Accounts Service.
cloud-init[955]: |o  .+o=..        |
[    8.128436] cloud-init[955]: |o..=o% +         |
         Starting Terminate Plymouth Boot Screen...
         Starting Hold until boot process finishes up...
[[0;32m  OK  [0m] Started Hold until boot process finishes up.
[[0;32m  OK  [0m] Started LSB: Set the CPU Frequency Scaling governor to "ondemand".
[    8.139570] cloud-init[955]: |+ ..E B          |
[    8.160613] [[0;32m  OK  [0m] Started LSB: automatic crash report generation.
[[0;32m  OK  [0m] Started Virtualbox guest utils.
cloud-init[955]: |o+ . . =         |
[    8.162443] [cloud-init[0;32m  OK  [0m[955]: ] |=oo   * S        |Started Terminate Plymouth Boot Screen.

[    8.163636] cloud-init[955]: |== . . o         |
[    8.170713] cloud-init[955]: |oo=. .           |
[    8.172661] cloud-init[955]: |oo+o+ o          |
[    8.180567] cloud-init[955]: |=..+.o           |
[    8.181882] cloud-init[955]: +----[SHA256]-----+
         Starting Set console scheme...
[[0;32m  OK  [0m] Started Getty on tty1.
[[0;32m  OK  [0m] Started Serial Getty on ttyS0.
[[0;32m  OK  [0m] Reached target Login Prompts.
[[0;32m  OK  [0m] Started LSB: daemon to balance interrupts for SMP systems.
[[0;32m  OK  [0m] Started Set console scheme.
[[0;32m  OK  [0m] Started Snappy daemon.
         Starting Wait until snapd is fully seeded...
[[0;32m  OK  [0m] Started Pollinate to seed the pseudo random number generator.
         Starting OpenBSD Secure Shell server...
[[0;32m  OK  [0m] Started OpenBSD Secure Shell server.
[[0;32m  OK  [0m] Started Wait until snapd is fully seeded.
         Starting Apply the settings specified in cloud-config...
[[0;32m  OK  [0m] Reached target Multi-User System.
[[0;32m  OK  [0m] Reached target Graphical Interface.
         Starting Update UTMP about System Runlevel Changes...
[[0;32m  OK  [0m] Started Update UTMP about System Runlevel Changes.
[    9.094313] cloud-init[1294]: Generating locales (this might take a while)...
[    9.786472] cloud-init[1294]:   en_US.UTF-8... done
[    9.787917] cloud-init[1294]: Generation complete.
[   10.003520] cloud-init[1294]: Cloud-init v. 19.1-1-gbaa47854-0ubuntu1~16.04.1 running 'modules:config' at Tue, 11 Jun 2019 11:23:11 +0000. Up 9.02 seconds.
[[0;32m  OK  [0m] Started Apply the settings specified in cloud-config.
         Starting Execute cloud user/final scripts...
ci-info: no authorized ssh keys fingerprints found for user ubuntu.
<14>Jun 11 11:23:13 ec2: 
<14>Jun 11 11:23:13 ec2: #############################################################
<14>Jun 11 11:23:13 ec2: -----BEGIN SSH HOST KEY FINGERPRINTS-----
<14>Jun 11 11:23:13 ec2: 1024 SHA256:SGqEF3xXNmx728FLgaU5pNPZZGsMUuRcSL7tG+VVIYM root@ubuntu-xenial (DSA)
<14>Jun 11 11:23:13 ec2: 256 SHA256:jZAr/lhWou3Idu/WIg3QMIUcmY1v5BI9rs9gHp1LoKk root@ubuntu-xenial (ECDSA)
<14>Jun 11 11:23:13 ec2: 256 SHA256:2DJpgZTSVRqjpY3NYK6woGbiKyp9eHaswHgLHRIg3y0 root@ubuntu-xenial (ED25519)
<14>Jun 11 11:23:13 ec2: 2048 SHA256:kjlvMn9nZnRzy5l1J9991QVTtcIlBqqpxua2DP2oEQc root@ubuntu-xenial (RSA)
<14>Jun 11 11:23:13 ec2: -----END SSH HOST KEY FINGERPRINTS-----
<14>Jun 11 11:23:13 ec2: #############################################################
-----BEGIN SSH HOST KEY KEYS-----
ecdsa-sha2-nistp256 AAAAE2VjZHNhLXNoYTItbmlzdHAyNTYAAAAIbmlzdHAyNTYAAABBBMizOywiLPKTYUL5xhYTK5M1Q9AlbPtNUq/XHrWJHwTaU9SVueY4l9r7SHNiGlOh8vgQwnIbqIt+qFZTzO+uWTU= root@ubuntu-xenial
ssh-ed25519 AAAAC3NzaC1lZDI1NTE5AAAAIF9uJSxDa+d6l8WP2Pp+Bw+KCsU+PL4x2qlhu0Go1Lic root@ubuntu-xenial
ssh-rsa AAAAB3NzaC1yc2EAAAADAQABAAABAQDZlkmUBQ77/Ik9rVEcebRdkNIEelwebhaFHOuBg9c0s4/sGfZeoCWHouYb8NOSeHo6RG5SmLCUB+tQUNHuChtj8ax1fIr+8FvE9pjilaRNSATvhwUMpUy2v1r1ebhJvyePnTGuKG0o9b/pUqoMSaQQMZ4/vS3NJI4Y8G/W7b4G/15/7QMt1/21wALSfTtjRjnwdvAnq7KKadH6rnXtu5KfWswodDeOrvz++K9uX3RVy6HmzfOccRM8NlRmHu3pKVP8GTXwSMkJboeJfmPg0GJ3wVOdba/GAQh006hdD18sLaWeZfyxgnul6c1EGS5t/Ln97iA7mvSagKmL6crVkOE1 root@ubuntu-xenial
-----END SSH HOST KEY KEYS-----
[   10.394753] cloud-init[1336]: Cloud-init v. 19.1-1-gbaa47854-0ubuntu1~16.04.1 running 'modules:final' at Tue, 11 Jun 2019 11:23:13 +0000. Up 10.27 seconds.
[   10.405622] cloud-init[1336]: ci-info: no authorized ssh keys fingerprints found for user ubuntu.
[   10.407169] cloud-init[1336]: Cloud-init v. 19.1-1-gbaa47854-0ubuntu1~16.04.1 finished at Tue, 11 Jun 2019 11:23:13 +0000. Datasource DataSourceNoCloud [seed=/dev/sdb][dsmode=net].  Up 10.38 seconds
[[0;32m  OK  [0m] Started Execute cloud user/final scripts.
[[0;32m  OK  [0m] Reached target Cloud-init target.

Ubuntu 16.04.6 LTS ubuntu-xenial ttyS0

ubuntu-xenial login: 